[2026-09-15T16:30:56.444170] exit=0
=== Zen Healer Pass === 2026-09-15T16:30:54.154506
Issues found: 7
Fixes applied: 3
  ISSUE: {'type': 'disk', 'detail': {'ok': False, 'usage_pct': 93, 'raw': 'Filesystem                                             Size  Used Avail Use% Mounted on\n/dev/mapper/luks-95b8859e-677e-45c7-9a96-f9c4e836a8b9  468G  431G   37G  93% /'}}
  ISSUE: {'type': 'service', 'service': 'cronie', 'status': 'inactive'}
  ISSUE: {'type': 'process_down', 'process': 'CCMini.exe'}
  ISSUE: {'type': 'process_down', 'process': 'waydroid'}
  ISSUE: {'type': 'process_down', 'process': 'kdeinit5'}
  ISSUE: {'type': 'waydroid_down', 'detail': {'running': False, 'raw': 'UNKNOWN'}}
  ISSUE: {'type': 'steam_errors', 'detail': {'latest_log': '/home/sin/.local/share/Steam/steamapps/common/Once Human/ccmini/logs/m20260904175832.log', 'has_errors': True, 'size_bytes': 91836}}
  FIX: {'action': 'pacman -Sc', 'rc': 0, 'output': 'Packages to keep:\n  All locally installed packages\n\nCache directory: /var/cache/pacman/pkg/\n:: Do you want to remove all other packages from cache? [Y/n] \nremoving old packages from cache...\n\nDatabase'}
  FIX: {'action': 'journal vacuum', 'rc': 0, 'output': 'Vacuuming done, freed 0B of archived journals from /var/log/journal/2eb5669803624f8bbd50742b5fdc75d0.\nVacuuming done, freed 0B of archived journals from /run/log/journal.\nVacuuming done, freed 0B of a'}
  FIX: {'action': 'restart cronie', 'rc': 0, 'output': ''}
Log: /home/sin/zen/ai-healer/logs/heal-20260915-163054.json
[2026-09-15T16:35:58.143378] exit=0
=== Zen Healer Pass === 2026-09-15T16:35:56.051477
Issues found: 6
Fixes applied: 2
  ISSUE: {'type': 'disk', 'detail': {'ok': False, 'usage_pct': 93, 'raw': 'Filesystem                                             Size  Used Avail Use% Mounted on\n/dev/mapper/luks-95b8859e-677e-45c7-9a96-f9c4e836a8b9  468G  431G   36G  93% /'}}
  ISSUE: {'type': 'process_down', 'process': 'CCMini.exe'}
  ISSUE: {'type': 'process_down', 'process': 'waydroid'}
  ISSUE: {'type': 'process_down', 'process': 'kdeinit5'}
  ISSUE: {'type': 'waydroid_down', 'detail': {'running': False, 'raw': 'UNKNOWN'}}
  ISSUE: {'type': 'steam_errors', 'detail': {'latest_log': '/home/sin/.local/share/Steam/steamapps/common/Once Human/ccmini/logs/m20260904175832.log', 'has_errors': True, 'size_bytes': 91836}}
  FIX: {'action': 'pacman -Sc', 'rc': 0, 'output': 'Packages to keep:\n  All locally installed packages\n\nCache directory: /var/cache/pacman/pkg/\n:: Do you want to remove all other packages from cache? [Y/n] \nremoving old packages from cache...\n\nDatabase'}
  FIX: {'action': 'journal vacuum', 'rc': 0, 'output': 'Vacuuming done, freed 0B of archived journals from /var/log/journal/2eb5669803624f8bbd50742b5fdc75d0.\nVacuuming done, freed 0B of archived journals from /run/log/journal.\nVacuuming done, freed 0B of a'}
Log: /home/sin/zen/ai-healer/logs/heal-20260915-163556.json
[2026-09-15T16:41:03.905608] exit=0
=== Zen Healer Pass === 2026-09-15T16:41:02.803535
Issues found: 6
Fixes applied: 2
  ISSUE: {'type': 'disk', 'detail': {'ok': False, 'usage_pct': 93, 'raw': 'Filesystem                                             Size  Used Avail Use% Mounted on\n/dev/mapper/luks-95b8859e-677e-45c7-9a96-f9c4e836a8b9  468G  431G   37G  93% /'}}
  ISSUE: {'type': 'process_down', 'process': 'CCMini.exe'}
  ISSUE: {'type': 'process_down', 'process': 'waydroid'}
  ISSUE: {'type': 'process_down', 'process': 'kdeinit5'}
  ISSUE: {'type': 'waydroid_down', 'detail': {'running': False, 'raw': 'UNKNOWN'}}
  ISSUE: {'type': 'steam_errors', 'detail': {'latest_log': '/home/sin/.local/share/Steam/steamapps/common/Once Human/ccmini/logs/m20260904175832.log', 'has_errors': True, 'size_bytes': 91836}}
  FIX: {'action': 'pacman -Sc', 'rc': 0, 'output': 'Packages to keep:\n  All locally installed packages\n\nCache directory: /var/cache/pacman/pkg/\n:: Do you want to remove all other packages from cache? [Y/n] \nremoving old packages from cache...\n\nDatabase'}
  FIX: {'action': 'journal vacuum', 'rc': 0, 'output': 'Vacuuming done, freed 0B of archived journals from /var/log/journal.\nVacuuming done, freed 0B of archived journals from /run/log/journal.\nVacuuming done, freed 0B of archived journals from /var/log/jo'}
Log: /home/sin/zen/ai-healer/logs/heal-20260915-164102.json
[2026-09-15T16:46:04.144751] exit=0
=== Zen Healer Pass === 2026-09-15T16:46:03.235703
Issues found: 6
Fixes applied: 2
  ISSUE: {'type': 'disk', 'detail': {'ok': False, 'usage_pct': 93, 'raw': 'Filesystem                                             Size  Used Avail Use% Mounted on\n/dev/mapper/luks-95b8859e-677e-45c7-9a96-f9c4e836a8b9  468G  431G   37G  93% /'}}
  ISSUE: {'type': 'process_down', 'process': 'CCMini.exe'}
  ISSUE: {'type': 'process_down', 'process': 'waydroid'}
  ISSUE: {'type': 'process_down', 'process': 'kdeinit5'}
  ISSUE: {'type': 'waydroid_down', 'detail': {'running': False, 'raw': 'UNKNOWN'}}
  ISSUE: {'type': 'steam_errors', 'detail': {'latest_log': '/home/sin/.local/share/Steam/steamapps/common/Once Human/ccmini/logs/m20260904175832.log', 'has_errors': True, 'size_bytes': 91836}}
  FIX: {'action': 'pacman -Sc', 'rc': 0, 'output': 'Packages to keep:\n  All locally installed packages\n\nCache directory: /var/cache/pacman/pkg/\n:: Do you want to remove all other packages from cache? [Y/n] \nremoving old packages from cache...\n\nDatabase'}
  FIX: {'action': 'journal vacuum', 'rc': 0, 'output': 'Vacuuming done, freed 0B of archived journals from /var/log/journal.\nVacuuming done, freed 0B of archived journals from /run/log/journal.\nVacuuming done, freed 0B of archived journals from /var/log/jo'}
Log: /home/sin/zen/ai-healer/logs/heal-20260915-164603.json
[2026-09-15T16:51:05.020742] exit=0
=== Zen Healer Pass === 2026-09-15T16:51:03.560885
Issues found: 5
Fixes applied: 0
  ISSUE: {'type': 'process_down', 'process': 'CCMini.exe'}
  ISSUE: {'type': 'process_down', 'process': 'waydroid'}
  ISSUE: {'type': 'process_down', 'process': 'kdeinit5'}
  ISSUE: {'type': 'waydroid_down', 'detail': {'running': False, 'raw': 'UNKNOWN'}}
  ISSUE: {'type': 'steam_errors', 'detail': {'latest_log': '/home/sin/.local/share/Steam/steamapps/common/Once Human/ccmini/logs/m20260904175832.log', 'has_errors': True, 'size_bytes': 91836}}
Log: /home/sin/zen/ai-healer/logs/heal-20260915-165103.json
[2026-09-15T16:56:06.486071] exit=0
=== Zen Healer Pass === 2026-09-15T16:56:05.783419
Issues found: 5
Fixes applied: 0
  ISSUE: {'type': 'process_down', 'process': 'CCMini.exe'}
  ISSUE: {'type': 'process_down', 'process': 'waydroid'}
  ISSUE: {'type': 'process_down', 'process': 'kdeinit5'}
  ISSUE: {'type': 'waydroid_down', 'detail': {'running': False, 'raw': 'UNKNOWN'}}
  ISSUE: {'type': 'steam_errors', 'detail': {'latest_log': '/home/sin/.local/share/Steam/steamapps/common/Once Human/ccmini/logs/m20260904175832.log', 'has_errors': True, 'size_bytes': 91836}}
Log: /home/sin/zen/ai-healer/logs/heal-20260915-165605.json
[2026-09-15T17:01:08.679770] exit=0
=== Zen Healer Pass === 2026-09-15T17:01:06.895850
Issues found: 5
Fixes applied: 0
  ISSUE: {'type': 'process_down', 'process': 'CCMini.exe'}
  ISSUE: {'type': 'process_down', 'process': 'waydroid'}
  ISSUE: {'type': 'process_down', 'process': 'kdeinit5'}
  ISSUE: {'type': 'waydroid_down', 'detail': {'running': False, 'raw': 'UNKNOWN'}}
  ISSUE: {'type': 'steam_errors', 'detail': {'latest_log': '/home/sin/.local/share/Steam/steamapps/common/Once Human/ccmini/logs/m20260904175832.log', 'has_errors': True, 'size_bytes': 91836}}
Log: /home/sin/zen/ai-healer/logs/heal-20260915-170106.json
